20
4
C:\Users\pcheng\Documents\plane_mapping\plane_mapping_matlab_full/models/pier15-2_simple/output/textures1/dynprog.jpg
0 1
1 1
1 0
0 0
4
C:\Users\pcheng\Documents\plane_mapping\plane_mapping_matlab_full/models/pier15-2_simple/output/textures2/dynprog.jpg
1 1
0 1
0 0
1 0
4
C:\Users\pcheng\Documents\plane_mapping\plane_mapping_matlab_full/models/pier15-2_simple/output/textures3/dynprog.jpg
1 1
0 1
0 0
1 0
4
C:\Users\pcheng\Documents\plane_mapping\plane_mapping_matlab_full/models/pier15-2_simple/output/textures4/dynprog.jpg
0 0
1 0
1 1
0 1
4
C:\Users\pcheng\Documents\plane_mapping\plane_mapping_matlab_full/models/pier15-2_simple/output/textures5/dynprog.jpg
1 1
0 1
0 0
1 0
4
C:\Users\pcheng\Documents\plane_mapping\plane_mapping_matlab_full/models/pier15-2_simple/output/textures6/dynprog.jpg
1 0
0 0
0 1
1 1
4
C:\Users\pcheng\Documents\plane_mapping\plane_mapping_matlab_full/models/pier15-2_simple/output/textures7/dynprog.jpg
0 1
1 1
1 0
0 0
4
C:\Users\pcheng\Documents\plane_mapping\plane_mapping_matlab_full/models/pier15-2_simple/output/textures8/dynprog.jpg
1 1
0 1
0 0
1 0
4
C:\Users\pcheng\Documents\plane_mapping\plane_mapping_matlab_full/models/pier15-2_simple/output/textures9/dynprog.jpg
1 1
0 1
0 0
1 0
4
C:\Users\pcheng\Documents\plane_mapping\plane_mapping_matlab_full/models/pier15-2_simple/output/textures10/dynprog.jpg
0 0
1 0
1 1
0 1
4
C:\Users\pcheng\Documents\plane_mapping\plane_mapping_matlab_full/models/pier15-2_simple/output/textures11/dynprog.jpg
0 0
1 0
1 1
0 1
4
C:\Users\pcheng\Documents\plane_mapping\plane_mapping_matlab_full/models/pier15-2_simple/output/textures12/dynprog.jpg
1 1
0 1
0 0
1 0
4
C:\Users\pcheng\Documents\plane_mapping\plane_mapping_matlab_full/models/pier15-2_simple/output/textures13/dynprog.jpg
1 0
0 0
0 1
1 1
4
C:\Users\pcheng\Documents\plane_mapping\plane_mapping_matlab_full/models/pier15-2_simple/output/textures14/dynprog.jpg
0 0
1 0
1 1
0 1
4
C:\Users\pcheng\Documents\plane_mapping\plane_mapping_matlab_full/models/pier15-2_simple/output/textures15/dynprog.jpg
1 1
0 1
0.0001665 0
1 0
4
C:\Users\pcheng\Documents\plane_mapping\plane_mapping_matlab_full/models/pier15-2_simple/output/textures16/dynprog.jpg
1 1
0 1
0 0
1 0
4
C:\Users\pcheng\Documents\plane_mapping\plane_mapping_matlab_full/models/pier15-2_simple/output/textures17/dynprog.jpg
1 1
0 1
0.0001726 0
1 0
4
C:\Users\pcheng\Documents\plane_mapping\plane_mapping_matlab_full/models/pier15-2_simple/output/textures18/dynprog.jpg
1 1
0 1
0 0
1 0
20
C:\Users\pcheng\Documents\plane_mapping\plane_mapping_matlab_full/models/pier15-2_simple/output/textures19/split_plane.jpg
0 1
0 0.5999
0.1689 0.5999
0.1689 0.1955
0.004595 0.1955
0.004594 0
0.5244 0
0.5325 0.05338
0.5696 0.05338
0.5696 0.1002
0.6559 0.1002
0.6559 0.2294
0.8421 0.2294
0.8421 0.5605
1 0.5605
1 0.6792
0.8726 0.6792
0.8726 0.918
0.5325 0.918
0.5325 1
20
C:\Users\pcheng\Documents\plane_mapping\plane_mapping_matlab_full/models/pier15-2_simple/output/textures20/split_plane.jpg
0.4675 0.918
0.1274 0.918
0.1274 0.6792
0 0.6792
0 0.5605
0.1579 0.5605
0.1579 0.2294
0.3441 0.2294
0.3441 0.1002
0.4304 0.1002
0.4304 0.05338
0.4675 0.05337
0.4756 0
0.9954 0
0.9954 0.1954
0.8311 0.1954
0.8311 0.5999
1 0.5999
1 1
0.4675 1
SKIP_TO END
